Error type 8 at Line 9: incompatiable return type
