Error type 10 at Line 4: indexing on non-array variable
