Error type 6 at Line 4: left side in assignment is rvalue
