Error type 7 at Line 8: binary operation on non-number variables
