Error type 4 at Line 5: redefine function: test_11710204_4
