Error type 9 at Line 9: invalid argument type for add
