Program (1)
  ExtDefList (1)
    ExtDef (1)
      Specifier (1)
        TYPE: int
      FunDec (1)
        ID: test_11710204_r2
        LP
        RP
      CompSt (2)
        LC
        StmtList (3)
          Stmt (3)
            Exp (3)
              Exp (3)
                ID: c
              ASSIGN
              Exp (3)
                CHAR: '1'
            SEMI
        RC
