Error type B at Line 5: Missing closing parenthesis ')'
Error type B at Line 8: Missing closing parenthesis ')'
